// Jest Snapshot v1, https://goo.gl/fbAQLP

exports[`createContainerElement returns a <div> 1`] = `
<div
  style="top: 0px; left: 0px; width: 100%; height: 100%; position: absolute; border-radius: undefined undefined undefined undefined; overflow: hidden; pointer-events: none; webkit-mask-image: -webkit-radial-gradient(white, black);"
/>
`;
